

================================================================
== Synthesis Summary Report of 'SHA256'
================================================================
+ General Information: 
    * Date:           Sat Apr 23 18:59:43 2022
    * Version:        2020.2 (Build 3064766 on Wed Nov 18 09:12:45 MST 2020)
    * Project:        SHA256
    * Solution:       solution1 (Vivado IP Flow Target)
    * Product family: artix7
    * Target device:  xc7a100t-csg324-1
    

+ Performance & Resource Estimates: 
    
    PS: '+' for module; 'o' for loop; '*' for dataflow
    +------------------------+------+-------+---------+---------+----------+---------+------+----------+------+----+-----------+------------+-----+
    |         Modules        | Issue|       | Latency | Latency | Iteration|         | Trip |          |      |    |           |            |     |
    |         & Loops        | Type | Slack | (cycles)|   (ns)  |  Latency | Interval| Count| Pipelined| BRAM | DSP|     FF    |     LUT    | URAM|
    +------------------------+------+-------+---------+---------+----------+---------+------+----------+------+----+-----------+------------+-----+
    |+ SHA256                |     -|  -0.65|        -|        -|         -|        -|     -|        no|     -|   -|  4396 (3%)|  8147 (12%)|    -|
    | + grp_hexToBin_fu_411  |     -|  -0.65|        -|        -|         -|        -|     -|        no|     -|   -|  484 (~0%)|    856 (1%)|    -|
    |  o VITIS_LOOP_318_1    |     -|  -7.30|        -|        -|         -|        -|     -|        no|     -|   -|          -|           -|    -|
    |   o VITIS_LOOP_449_1   |    II|  -7.30|        -|        -|         2|        2|     -|       yes|     -|   -|          -|           -|    -|
    |   o VITIS_LOOP_460_1   |    II|  -7.30|        -|        -|         3|        2|     -|       yes|     -|   -|          -|           -|    -|
    | + grp_hexToBin_fu_453  |     -|  -0.65|        -|        -|         -|        -|     -|        no|     -|   -|  484 (~0%)|    856 (1%)|    -|
    |  o VITIS_LOOP_318_1    |     -|  -7.30|        -|        -|         -|        -|     -|        no|     -|   -|          -|           -|    -|
    |   o VITIS_LOOP_449_1   |    II|  -7.30|        -|        -|         2|        2|     -|       yes|     -|   -|          -|           -|    -|
    |   o VITIS_LOOP_460_1   |    II|  -7.30|        -|        -|         3|        2|     -|       yes|     -|   -|          -|           -|    -|
    | + grp_hexToBin_fu_494  |     -|  -0.65|        -|        -|         -|        -|     -|        no|     -|   -|  484 (~0%)|    856 (1%)|    -|
    |  o VITIS_LOOP_318_1    |     -|  -7.30|        -|        -|         -|        -|     -|        no|     -|   -|          -|           -|    -|
    |   o VITIS_LOOP_449_1   |    II|  -7.30|        -|        -|         2|        2|     -|       yes|     -|   -|          -|           -|    -|
    |   o VITIS_LOOP_460_1   |    II|  -7.30|        -|        -|         3|        2|     -|       yes|     -|   -|          -|           -|    -|
    | + grp_hexToBin_fu_535  |     -|  -0.65|        -|        -|         -|        -|     -|        no|     -|   -|  484 (~0%)|    856 (1%)|    -|
    |  o VITIS_LOOP_318_1    |     -|  -7.30|        -|        -|         -|        -|     -|        no|     -|   -|          -|           -|    -|
    |   o VITIS_LOOP_449_1   |    II|  -7.30|        -|        -|         2|        2|     -|       yes|     -|   -|          -|           -|    -|
    |   o VITIS_LOOP_460_1   |    II|  -7.30|        -|        -|         3|        2|     -|       yes|     -|   -|          -|           -|    -|
    | + grp_hexToBin_fu_576  |     -|  -0.65|        -|        -|         -|        -|     -|        no|     -|   -|  484 (~0%)|    856 (1%)|    -|
    |  o VITIS_LOOP_318_1    |     -|  -7.30|        -|        -|         -|        -|     -|        no|     -|   -|          -|           -|    -|
    |   o VITIS_LOOP_449_1   |    II|  -7.30|        -|        -|         2|        2|     -|       yes|     -|   -|          -|           -|    -|
    |   o VITIS_LOOP_460_1   |    II|  -7.30|        -|        -|         3|        2|     -|       yes|     -|   -|          -|           -|    -|
    | + grp_hexToBin_fu_617  |     -|  -0.65|        -|        -|         -|        -|     -|        no|     -|   -|  484 (~0%)|    856 (1%)|    -|
    |  o VITIS_LOOP_318_1    |     -|  -7.30|        -|        -|         -|        -|     -|        no|     -|   -|          -|           -|    -|
    |   o VITIS_LOOP_449_1   |    II|  -7.30|        -|        -|         2|        2|     -|       yes|     -|   -|          -|           -|    -|
    |   o VITIS_LOOP_460_1   |    II|  -7.30|        -|        -|         3|        2|     -|       yes|     -|   -|          -|           -|    -|
    | + grp_hexToBin_fu_658  |     -|  -0.65|        -|        -|         -|        -|     -|        no|     -|   -|  484 (~0%)|    856 (1%)|    -|
    |  o VITIS_LOOP_318_1    |     -|  -7.30|        -|        -|         -|        -|     -|        no|     -|   -|          -|           -|    -|
    |   o VITIS_LOOP_449_1   |    II|  -7.30|        -|        -|         2|        2|     -|       yes|     -|   -|          -|           -|    -|
    |   o VITIS_LOOP_460_1   |    II|  -7.30|        -|        -|         3|        2|     -|       yes|     -|   -|          -|           -|    -|
    | + grp_hexToBin_fu_699  |     -|  -0.65|        -|        -|         -|        -|     -|        no|     -|   -|  484 (~0%)|    856 (1%)|    -|
    |  o VITIS_LOOP_318_1    |     -|  -7.30|        -|        -|         -|        -|     -|        no|     -|   -|          -|           -|    -|
    |   o VITIS_LOOP_449_1   |    II|  -7.30|        -|        -|         2|        2|     -|       yes|     -|   -|          -|           -|    -|
    |   o VITIS_LOOP_460_1   |    II|  -7.30|        -|        -|         3|        2|     -|       yes|     -|   -|          -|           -|    -|
    | o VITIS_LOOP_441_1     |     -|  -7.30|       34|  340.000|         2|        1|    34|       yes|     -|   -|          -|           -|    -|
    | o Loop 2               |     -|  -7.30|       12|  120.000|         1|        1|    12|       yes|     -|   -|          -|           -|    -|
    | o Loop 3               |     -|  -7.30|       12|  120.000|         1|        1|    12|       yes|     -|   -|          -|           -|    -|
    | o Loop 4               |     -|  -7.30|       12|  120.000|         1|        1|    12|       yes|     -|   -|          -|           -|    -|
    | o Loop 5               |     -|  -7.30|       12|  120.000|         1|        1|    12|       yes|     -|   -|          -|           -|    -|
    | o Loop 6               |     -|  -7.30|       12|  120.000|         1|        1|    12|       yes|     -|   -|          -|           -|    -|
    | o Loop 7               |     -|  -7.30|       12|  120.000|         1|        1|    12|       yes|     -|   -|          -|           -|    -|
    | o Loop 8               |     -|  -7.30|       12|  120.000|         1|        1|    12|       yes|     -|   -|          -|           -|    -|
    | o Loop 9               |     -|  -7.30|       12|  120.000|         1|        1|    12|       yes|     -|   -|          -|           -|    -|
    | o VITIS_LOOP_441_1     |    II|  -7.30|        -|        -|         3|        2|     -|       yes|     -|   -|          -|           -|    -|
    +------------------------+------+-------+---------+---------+----------+---------+------+----------+------+----+-----------+------------+-----+

