

================================================================
== Vitis HLS Report for 'hexToBin'
================================================================
* Date:           Sat Apr 23 18:59:41 2022

* Version:        2020.2 (Build 3064766 on Wed Nov 18 09:12:45 MST 2020)
* Project:        SHA256
* Solution:       solution1 (Vivado IP Flow Target)
* Product family: artix7
* Target device:  xc7a100t-csg324-1


================================================================
== Performance Estimates
================================================================
+ Timing: 
    * Summary: 
    +--------+----------+----------+------------+
    |  Clock |  Target  | Estimated| Uncertainty|
    +--------+----------+----------+------------+
    |ap_clk  |  10.00 ns|  6.648 ns|     2.70 ns|
    +--------+----------+----------+------------+

+ Latency: 
    * Summary: 
    +---------+---------+----------+----------+-----+-----+---------+
    |  Latency (cycles) |  Latency (absolute) |  Interval | Pipeline|
    |   min   |   max   |    min   |    max   | min | max |   Type  |
    +---------+---------+----------+----------+-----+-----+---------+
    |        ?|        ?|         ?|         ?|    ?|    ?|     none|
    +---------+---------+----------+----------+-----+-----+---------+

    + Detail: 
        * Instance: 
        N/A

        * Loop: 
        +---------------------+---------+---------+----------+-----------+-----------+------+----------+
        |                     |  Latency (cycles) | Iteration|  Initiation Interval  | Trip |          |
        |      Loop Name      |   min   |   max   |  Latency |  achieved |   target  | Count| Pipelined|
        +---------------------+---------+---------+----------+-----------+-----------+------+----------+
        |- VITIS_LOOP_318_1   |        ?|        ?|         ?|          -|          -|     ?|        no|
        | + VITIS_LOOP_449_1  |        ?|        ?|         2|          2|          1|     ?|       yes|
        | + VITIS_LOOP_460_1  |        ?|        ?|         3|          2|          1|     ?|       yes|
        +---------------------+---------+---------+----------+-----------+-----------+------+----------+



================================================================
== Utilization Estimates
================================================================
* Summary: 
+-----------------+---------+-----+--------+-------+-----+
|       Name      | BRAM_18K| DSP |   FF   |  LUT  | URAM|
+-----------------+---------+-----+--------+-------+-----+
|DSP              |        -|    -|       -|      -|    -|
|Expression       |        -|    -|       0|    297|    -|
|FIFO             |        -|    -|       -|      -|    -|
|Instance         |        -|    -|       -|      -|    -|
|Memory           |        0|    -|     136|     17|    -|
|Multiplexer      |        -|    -|       -|    542|    -|
|Register         |        -|    -|     348|      -|    -|
+-----------------+---------+-----+--------+-------+-----+
|Total            |        0|    0|     484|    856|    0|
+-----------------+---------+-----+--------+-------+-----+
|Available        |      270|  240|  126800|  63400|    0|
+-----------------+---------+-----+--------+-------+-----+
|Utilization (%)  |        0|    0|      ~0|      1|    0|
+-----------------+---------+-----+--------+-------+-----+

+ Detail: 
    * Instance: 
    N/A

    * DSP: 
    N/A

    * Memory: 
    +------------+-------------------+---------+---+----+-----+------+-----+------+-------------+
    |   Memory   |       Module      | BRAM_18K| FF| LUT| URAM| Words| Bits| Banks| W*Bits*Banks|
    +------------+-------------------+---------+---+----+-----+------+-----+------+-------------+
    |p_str_10_U  |hexToBin_p_str_10  |        0|  8|   1|    0|     5|    8|     1|           40|
    |p_str_11_U  |hexToBin_p_str_11  |        0|  8|   1|    0|     5|    8|     1|           40|
    |p_str_12_U  |hexToBin_p_str_12  |        0|  8|   1|    0|     5|    8|     1|           40|
    |p_str_13_U  |hexToBin_p_str_13  |        0|  8|   1|    0|     5|    8|     1|           40|
    |p_str_14_U  |hexToBin_p_str_14  |        0|  8|   1|    0|     5|    8|     1|           40|
    |p_str_15_U  |hexToBin_p_str_15  |        0|  8|   1|    0|     5|    8|     1|           40|
    |p_str_16_U  |hexToBin_p_str_16  |        0|  8|   1|    0|     5|    8|     1|           40|
    |p_str_17_U  |hexToBin_p_str_17  |        0|  8|   1|    0|     5|    8|     1|           40|
    |p_str_18_U  |hexToBin_p_str_18  |        0|  8|   1|    0|     5|    8|     1|           40|
    |p_str_19_U  |hexToBin_p_str_19  |        0|  8|   1|    0|     5|    8|     1|           40|
    |p_str_20_U  |hexToBin_p_str_20  |        0|  8|   1|    0|     5|    8|     1|           40|
    |p_str_21_U  |hexToBin_p_str_21  |        0|  8|   1|    0|     5|    8|     1|           40|
    |p_str_22_U  |hexToBin_p_str_22  |        0|  8|   1|    0|     5|    8|     1|           40|
    |p_str_23_U  |hexToBin_p_str_23  |        0|  8|   1|    0|     5|    8|     1|           40|
    |p_str_24_U  |hexToBin_p_str_24  |        0|  8|   1|    0|     5|    8|     1|           40|
    |p_str_25_U  |hexToBin_p_str_25  |        0|  8|   1|    0|     6|    8|     1|           48|
    |p_str_9_U   |hexToBin_p_str_9   |        0|  8|   1|    0|     5|    8|     1|           40|
    +------------+-------------------+---------+---+----+-----+------+-----+------+-------------+
    |Total       |                   |        0|136|  17|    0|    86|  136|    17|          688|
    +------------+-------------------+---------+---+----+-----+------+-----+------+-------------+

    * FIFO: 
    N/A

    * Expression: 
    +----------------------+----------+----+---+----+------------+------------+
    |     Variable Name    | Operation| DSP| FF| LUT| Bitwidth P0| Bitwidth P1|
    +----------------------+----------+----+---+----+------------+------------+
    |add_ln322_fu_665_p2   |         +|   0|  0|  71|          64|           1|
    |add_ln450_fu_693_p2   |         +|   0|  0|  71|          64|           1|
    |add_ln462_fu_929_p2   |         +|   0|  0|  13|           4|           1|
    |add_ln463_fu_709_p2   |         +|   0|  0|  71|          64|           1|
    |ap_condition_378      |       and|   0|  0|   2|           1|           1|
    |ap_condition_557      |       and|   0|  0|   2|           1|           1|
    |ap_condition_614      |       and|   0|  0|   2|           1|           1|
    |ap_condition_875      |       and|   0|  0|   2|           1|           1|
    |icmp_ln318_fu_671_p2  |      icmp|   0|  0|  11|           8|           1|
    |icmp_ln319_fu_687_p2  |      icmp|   0|  0|  28|          63|           1|
    |icmp_ln449_fu_699_p2  |      icmp|   0|  0|  10|           7|           1|
    |icmp_ln460_fu_918_p2  |      icmp|   0|  0|  10|           7|           1|
    |ap_condition_362      |        or|   0|  0|   2|           1|           1|
    |ap_enable_pp1         |       xor|   0|  0|   2|           1|           2|
    +----------------------+----------+----+---+----+------------+------------+
    |Total                 |          |   0|  0| 297|         287|          15|
    +----------------------+----------+----+---+----+------------+------------+

    * Multiplexer: 
    +---------------------------------+-----+-----------+-----+-----------+
    |               Name              | LUT | Input Size| Bits| Total Bits|
    +---------------------------------+-----+-----------+-----+-----------+
    |ap_NS_fsm                        |   41|         10|    1|         10|
    |ap_enable_reg_pp1_iter1          |    9|          2|    1|          2|
    |ap_phi_mux_empty_phi_fu_607_p46  |  120|         24|    7|        168|
    |ap_phi_mux_j_phi_fu_572_p4       |    9|          2|   64|        128|
    |bits_address0                    |   13|          3|    4|         12|
    |empty_reg_603                    |  120|         24|    7|        168|
    |i_1_reg_555                      |    9|          2|   64|        128|
    |i_2_reg_656                      |    9|          2|    4|          8|
    |i_reg_467                        |    9|          2|   64|        128|
    |j_reg_568                        |    9|          2|   64|        128|
    |p_str_19_address0                |   13|          3|    3|          9|
    |p_str_20_address0                |   13|          3|    3|          9|
    |p_str_21_address0                |   13|          3|    3|          9|
    |p_str_22_address0                |   13|          3|    3|          9|
    |p_str_23_address0                |   13|          3|    3|          9|
    |p_str_24_address0                |   13|          3|    3|          9|
    |retval_0_i8_reg_480              |  116|         23|    5|        115|
    +---------------------------------+-----+-----------+-----+-----------+
    |Total                            |  542|        114|  303|       1049|
    +---------------------------------+-----+-----------+-----+-----------+

    * Register: 
    +-------------------------+----+----+-----+-----------+
    |           Name          | FF | LUT| Bits| Const Bits|
    +-------------------------+----+----+-----+-----------+
    |add_ln322_reg_935        |  64|   0|   64|          0|
    |add_ln463_reg_1089       |  64|   0|   64|          0|
    |ap_CS_fsm                |   9|   0|    9|          0|
    |ap_enable_reg_pp1_iter0  |   1|   0|    1|          0|
    |ap_enable_reg_pp1_iter1  |   1|   0|    1|          0|
    |empty_reg_603            |   7|   0|    7|          0|
    |i_1_reg_555              |  64|   0|   64|          0|
    |i_2_reg_656              |   4|   0|    4|          0|
    |i_reg_467                |  64|   0|   64|          0|
    |icmp_ln460_reg_1094      |   1|   0|    1|          0|
    |j_reg_568                |  64|   0|   64|          0|
    |retval_0_i8_reg_480      |   5|   0|    5|          0|
    +-------------------------+----+----+-----+-----------+
    |Total                    | 348|   0|  348|          0|
    +-------------------------+----+----+-----+-----------+



================================================================
== Interface
================================================================
* Summary: 
+-------------------+-----+-----+------------+--------------+--------------+
|     RTL Ports     | Dir | Bits|  Protocol  | Source Object|    C Type    |
+-------------------+-----+-----+------------+--------------+--------------+
|ap_clk             |   in|    1|  ap_ctrl_hs|      hexToBin|  return value|
|ap_rst             |   in|    1|  ap_ctrl_hs|      hexToBin|  return value|
|ap_start           |   in|    1|  ap_ctrl_hs|      hexToBin|  return value|
|ap_done            |  out|    1|  ap_ctrl_hs|      hexToBin|  return value|
|ap_idle            |  out|    1|  ap_ctrl_hs|      hexToBin|  return value|
|ap_ready           |  out|    1|  ap_ctrl_hs|      hexToBin|  return value|
|string_r_address0  |  out|    4|   ap_memory|      string_r|         array|
|string_r_ce0       |  out|    1|   ap_memory|      string_r|         array|
|string_r_q0        |   in|    8|   ap_memory|      string_r|         array|
|bits_address0      |  out|    4|   ap_memory|          bits|         array|
|bits_ce0           |  out|    1|   ap_memory|          bits|         array|
|bits_we0           |  out|    1|   ap_memory|          bits|         array|
|bits_d0            |  out|    7|   ap_memory|          bits|         array|
|bits_q0            |   in|    7|   ap_memory|          bits|         array|
+-------------------+-----+-----+------------+--------------+--------------+

